[2026-09-15 15:36:01] [ERROR] [cron] [envioDte] Error enviando DTE DTE-14-M001P000-26-000000000000064: Unexpected token '<', "<!DOCTYPE "... is not valid JSON
SyntaxError: Unexpected token '<', "<!DOCTYPE "... is not valid JSON
    at JSON.parse (<anonymous>)
    at parseJSONFromBytes (node:internal/deps/undici/undici:4259:19)
    at successSteps (node:internal/deps/undici/undici:6882:27)
    at readAllBytes (node:internal/deps/undici/undici:5807:13)
    at process.processTicksAndRejections (node:internal/process/task_queues:103:5)
[2026-09-15 15:36:01] [ERROR] [cron] [envioDte] Error enviando DTE DTE-14-M001P000-26-000000000000065: Unexpected token '<', "<!DOCTYPE "... is not valid JSON
SyntaxError: Unexpected token '<', "<!DOCTYPE "... is not valid JSON
    at JSON.parse (<anonymous>)
    at parseJSONFromBytes (node:internal/deps/undici/undici:4259:19)
    at successSteps (node:internal/deps/undici/undici:6882:27)
    at readAllBytes (node:internal/deps/undici/undici:5807:13)
    at process.processTicksAndRejections (node:internal/process/task_queues:103:5)
[2026-09-15 15:36:01] [ERROR] [cron] [envioDte] Error enviando DTE DTE-14-M001P000-26-000000000000066: Unexpected token '<', "<!DOCTYPE "... is not valid JSON
SyntaxError: Unexpected token '<', "<!DOCTYPE "... is not valid JSON
    at JSON.parse (<anonymous>)
    at parseJSONFromBytes (node:internal/deps/undici/undici:4259:19)
    at successSteps (node:internal/deps/undici/undici:6882:27)
    at readAllBytes (node:internal/deps/undici/undici:5807:13)
    at process.processTicksAndRejections (node:internal/process/task_queues:103:5)
[2026-09-15 15:36:01] [ERROR] [cron] [envioDte] Error enviando DTE DTE-14-M001P000-26-000000000000067: Unexpected token '<', "<!DOCTYPE "... is not valid JSON
SyntaxError: Unexpected token '<', "<!DOCTYPE "... is not valid JSON
    at JSON.parse (<anonymous>)
    at parseJSONFromBytes (node:internal/deps/undici/undici:4259:19)
    at successSteps (node:internal/deps/undici/undici:6882:27)
    at readAllBytes (node:internal/deps/undici/undici:5807:13)
    at process.processTicksAndRejections (node:internal/process/task_queues:103:5)
[2026-09-15 15:37:00] [ERROR] [cron] [envioDte] Error enviando DTE DTE-14-M001P000-26-000000000000064: Unexpected token '<', "<!DOCTYPE "... is not valid JSON
SyntaxError: Unexpected token '<', "<!DOCTYPE "... is not valid JSON
    at JSON.parse (<anonymous>)
    at parseJSONFromBytes (node:internal/deps/undici/undici:4259:19)
    at successSteps (node:internal/deps/undici/undici:6882:27)
    at readAllBytes (node:internal/deps/undici/undici:5807:13)
    at process.processTicksAndRejections (node:internal/process/task_queues:103:5)
[2026-09-15 15:37:00] [ERROR] [cron] [envioDte] Error enviando DTE DTE-14-M001P000-26-000000000000065: Unexpected token '<', "<!DOCTYPE "... is not valid JSON
SyntaxError: Unexpected token '<', "<!DOCTYPE "... is not valid JSON
    at JSON.parse (<anonymous>)
    at parseJSONFromBytes (node:internal/deps/undici/undici:4259:19)
    at successSteps (node:internal/deps/undici/undici:6882:27)
    at readAllBytes (node:internal/deps/undici/undici:5807:13)
    at process.processTicksAndRejections (node:internal/process/task_queues:103:5)
[2026-09-15 15:37:00] [ERROR] [cron] [envioDte] Error enviando DTE DTE-14-M001P000-26-000000000000066: Unexpected token '<', "<!DOCTYPE "... is not valid JSON
SyntaxError: Unexpected token '<', "<!DOCTYPE "... is not valid JSON
    at JSON.parse (<anonymous>)
    at parseJSONFromBytes (node:internal/deps/undici/undici:4259:19)
    at successSteps (node:internal/deps/undici/undici:6882:27)
    at readAllBytes (node:internal/deps/undici/undici:5807:13)
    at process.processTicksAndRejections (node:internal/process/task_queues:103:5)
[2026-09-15 15:37:01] [ERROR] [cron] [envioDte] Error enviando DTE DTE-14-M001P000-26-000000000000067: Unexpected token '<', "<!DOCTYPE "... is not valid JSON
SyntaxError: Unexpected token '<', "<!DOCTYPE "... is not valid JSON
    at JSON.parse (<anonymous>)
    at parseJSONFromBytes (node:internal/deps/undici/undici:4259:19)
    at successSteps (node:internal/deps/undici/undici:6882:27)
    at readAllBytes (node:internal/deps/undici/undici:5807:13)
    at process.processTicksAndRejections (node:internal/process/task_queues:103:5)
[2026-09-15 15:38:00] [ERROR] [cron] [envioDte] Error enviando DTE DTE-14-M001P000-26-000000000000064: Unexpected token '<', "<!DOCTYPE "... is not valid JSON
SyntaxError: Unexpected token '<', "<!DOCTYPE "... is not valid JSON
    at JSON.parse (<anonymous>)
    at parseJSONFromBytes (node:internal/deps/undici/undici:4259:19)
    at successSteps (node:internal/deps/undici/undici:6882:27)
    at readAllBytes (node:internal/deps/undici/undici:5807:13)
    at process.processTicksAndRejections (node:internal/process/task_queues:103:5)
[2026-09-15 15:38:00] [ERROR] [cron] [envioDte] Error enviando DTE DTE-14-M001P000-26-000000000000065: Unexpected token '<', "<!DOCTYPE "... is not valid JSON
SyntaxError: Unexpected token '<', "<!DOCTYPE "... is not valid JSON
    at JSON.parse (<anonymous>)
    at parseJSONFromBytes (node:internal/deps/undici/undici:4259:19)
    at successSteps (node:internal/deps/undici/undici:6882:27)
    at readAllBytes (node:internal/deps/undici/undici:5807:13)
    at process.processTicksAndRejections (node:internal/process/task_queues:103:5)
[2026-09-15 15:38:00] [ERROR] [cron] [envioDte] Error enviando DTE DTE-14-M001P000-26-000000000000066: Unexpected token '<', "<!DOCTYPE "... is not valid JSON
SyntaxError: Unexpected token '<', "<!DOCTYPE "... is not valid JSON
    at JSON.parse (<anonymous>)
    at parseJSONFromBytes (node:internal/deps/undici/undici:4259:19)
    at successSteps (node:internal/deps/undici/undici:6882:27)
    at readAllBytes (node:internal/deps/undici/undici:5807:13)
    at process.processTicksAndRejections (node:internal/process/task_queues:103:5)
[2026-09-15 15:38:00] [ERROR] [cron] [envioDte] Error enviando DTE DTE-14-M001P000-26-000000000000067: Unexpected token '<', "<!DOCTYPE "... is not valid JSON
SyntaxError: Unexpected token '<', "<!DOCTYPE "... is not valid JSON
    at JSON.parse (<anonymous>)
    at parseJSONFromBytes (node:internal/deps/undici/undici:4259:19)
    at successSteps (node:internal/deps/undici/undici:6882:27)
    at readAllBytes (node:internal/deps/undici/undici:5807:13)
    at process.processTicksAndRejections (node:internal/process/task_queues:103:5)
